Archive member included to satisfy reference by file (symbol)

/opt/st/stm32cubeide_1.16.0/plugins/com.st.stm32cube.ide.mcu.externaltools.gnu-tools-for-stm32.12.3.rel1.linux64_1.0.200.202406132123/tools/bin/../lib/gcc/arm-none-eabi/12.3.1/../../../../arm-none-eabi/lib/thumb/v7e-m/nofp/libc_nano.a(libc_a-exit.o)
                              /opt/st/stm32cubeide_1.16.0/plugins/com.st.stm32cube.ide.mcu.externaltools.gnu-tools-for-stm32.12.3.rel1.linux64_1.0.200.202406132123/tools/bin/../lib/gcc/arm-none-eabi/12.3.1/../../../../arm-none-eabi/lib/thumb/v7e-m/nofp/crt0.o (exit)
/opt/st/stm32cubeide_1.16.0/plugins/com.st.stm32cube.ide.mcu.externaltools.gnu-tools-for-stm32.12.3.rel1.linux64_1.0.200.202406132123/tools/bin/../lib/gcc/arm-none-eabi/12.3.1/../../../../arm-none-eabi/lib/thumb/v7e-m/nofp/libc_nano.a(libc_a-findfp.o)
                              /opt/st/stm32cubeide_1.16.0/plugins/com.st.stm32cube.ide.mcu.externaltools.gnu-tools-for-stm32.12.3.rel1.linux64_1.0.200.202406132123/tools/bin/../lib/gcc/arm-none-eabi/12.3.1/../../../../arm-none-eabi/lib/thumb/v7e-m/nofp/libc_nano.a(libc_a-exit.o) (__stdio_exit_handler)
/opt/st/stm32cubeide_1.16.0/plugins/com.st.stm32cube.ide.mcu.externaltools.gnu-tools-for-stm32.12.3.rel1.linux64_1.0.200.202406132123/tools/bin/../lib/gcc/arm-none-eabi/12.3.1/../../../../arm-none-eabi/lib/thumb/v7e-m/nofp/libc_nano.a(libc_a-fwalk.o)
                              /opt/st/stm32cubeide_1.16.0/plugins/com.st.stm32cube.ide.mcu.externaltools.gnu-tools-for-stm32.12.3.rel1.linux64_1.0.200.202406132123/tools/bin/../lib/gcc/arm-none-eabi/12.3.1/../../../../arm-none-eabi/lib/thumb/v7e-m/nofp/libc_nano.a(libc_a-findfp.o) (_fwalk_sglue)
/opt/st/stm32cubeide_1.16.0/plugins/com.st.stm32cube.ide.mcu.externaltools.gnu-tools-for-stm32.12.3.rel1.linux64_1.0.200.202406132123/tools/bin/../lib/gcc/arm-none-eabi/12.3.1/../../../../arm-none-eabi/lib/thumb/v7e-m/nofp/libc_nano.a(libc_a-stdio.o)
                              /opt/st/stm32cubeide_1.16.0/plugins/com.st.stm32cube.ide.mcu.externaltools.gnu-tools-for-stm32.12.3.rel1.linux64_1.0.200.202406132123/tools/bin/../lib/gcc/arm-none-eabi/12.3.1/../../../../arm-none-eabi/lib/thumb/v7e-m/nofp/libc_nano.a(libc_a-findfp.o) (__sread)
/opt/st/stm32cubeide_1.16.0/plugins/com.st.stm32cube.ide.mcu.externaltools.gnu-tools-for-stm32.12.3.rel1.linux64_1.0.200.202406132123/tools/bin/../lib/gcc/arm-none-eabi/12.3.1/../../../../arm-none-eabi/lib/thumb/v7e-m/nofp/libc_nano.a(libc_a-memset.o)
                              /opt/st/stm32cubeide_1.16.0/plugins/com.st.stm32cube.ide.mcu.externaltools.gnu-tools-for-stm32.12.3.rel1.linux64_1.0.200.202406132123/tools/bin/../lib/gcc/arm-none-eabi/12.3.1/../../../../arm-none-eabi/lib/thumb/v7e-m/nofp/crt0.o (memset)
/opt/st/stm32cubeide_1.16.0/plugins/com.st.stm32cube.ide.mcu.externaltools.gnu-tools-for-stm32.12.3.rel1.linux64_1.0.200.202406132123/tools/bin/../lib/gcc/arm-none-eabi/12.3.1/../../../../arm-none-eabi/lib/thumb/v7e-m/nofp/libc_nano.a(libc_a-closer.o)
                              /opt/st/stm32cubeide_1.16.0/plugins/com.st.stm32cube.ide.mcu.externaltools.gnu-tools-for-stm32.12.3.rel1.linux64_1.0.200.202406132123/tools/bin/../lib/gcc/arm-none-eabi/12.3.1/../../../../arm-none-eabi/lib/thumb/v7e-m/nofp/libc_nano.a(libc_a-stdio.o) (_close_r)
/opt/st/stm32cubeide_1.16.0/plugins/com.st.stm32cube.ide.mcu.externaltools.gnu-tools-for-stm32.12.3.rel1.linux64_1.0.200.202406132123/tools/bin/../lib/gcc/arm-none-eabi/12.3.1/../../../../arm-none-eabi/lib/thumb/v7e-m/nofp/libc_nano.a(libc_a-reent.o)
                              /opt/st/stm32cubeide_1.16.0/plugins/com.st.stm32cube.ide.mcu.externaltools.gnu-tools-for-stm32.12.3.rel1.linux64_1.0.200.202406132123/tools/bin/../lib/gcc/arm-none-eabi/12.3.1/../../../../arm-none-eabi/lib/thumb/v7e-m/nofp/libc_nano.a(libc_a-closer.o) (errno)
/opt/st/stm32cubeide_1.16.0/plugins/com.st.stm32cube.ide.mcu.externaltools.gnu-tools-for-stm32.12.3.rel1.linux64_1.0.200.202406132123/tools/bin/../lib/gcc/arm-none-eabi/12.3.1/../../../../arm-none-eabi/lib/thumb/v7e-m/nofp/libc_nano.a(libc_a-impure.o)
                              /opt/st/stm32cubeide_1.16.0/plugins/com.st.stm32cube.ide.mcu.externaltools.gnu-tools-for-stm32.12.3.rel1.linux64_1.0.200.202406132123/tools/bin/../lib/gcc/arm-none-eabi/12.3.1/../../../../arm-none-eabi/lib/thumb/v7e-m/nofp/libc_nano.a(libc_a-reent.o) (_impure_ptr)
/opt/st/stm32cubeide_1.16.0/plugins/com.st.stm32cube.ide.mcu.externaltools.gnu-tools-for-stm32.12.3.rel1.linux64_1.0.200.202406132123/tools/bin/../lib/gcc/arm-none-eabi/12.3.1/../../../../arm-none-eabi/lib/thumb/v7e-m/nofp/libc_nano.a(libc_a-lseekr.o)
                              /opt/st/stm32cubeide_1.16.0/plugins/com.st.stm32cube.ide.mcu.externaltools.gnu-tools-for-stm32.12.3.rel1.linux64_1.0.200.202406132123/tools/bin/../lib/gcc/arm-none-eabi/12.3.1/../../../../arm-none-eabi/lib/thumb/v7e-m/nofp/libc_nano.a(libc_a-stdio.o) (_lseek_r)
[...]
Memory Configuration

Name             Origin             Length             Attributes
CCMSRAM          0x10000000         0x00008000         xrw
RAM              0x20000000         0x00020000         xrw
FLASH            0x08000000         0x00080000         xr
*default*        0x00000000         0xffffffff

Linker script and memory map

LOAD /opt/st/stm32cubeide_1.16.0/plugins/com.st.stm32cube.ide.mcu.externaltools.gnu-tools-for-stm32.12.3.rel1.linux64_1.0.200.202406132123/tools/bin/../lib/gcc/arm-none-eabi/12.3.1/thumb/v7e-m/nofp/crti.o
LOAD /opt/st/stm32cubeide_1.16.0/plugins/com.st.stm32cube.ide.mcu.externaltools.gnu-tools-for-stm32.12.3.rel1.linux64_1.0.200.202406132123/tools/bin/../lib/gcc/arm-none-eabi/12.3.1/thumb/v7e-m/nofp/crtbegin.o
LOAD /opt/st/stm32cubeide_1.16.0/plugins/com.st.stm32cube.ide.mcu.externaltools.gnu-tools-for-stm32.12.3.rel1.linux64_1.0.200.202406132123/tools/bin/../lib/gcc/arm-none-eabi/12.3.1/../../../../arm-none-eabi/lib/thumb/v7e-m/nofp/crt0.o
LOAD ./Src/i2c.o
LOAD ./Src/i2c_lcd.o
LOAD ./Src/itm.o
LOAD ./Src/main.o
LOAD ./Src/syscalls.o
LOAD ./Src/sysmem.o
LOAD ./Src/system_stm32f4xx.o
LOAD ./Startup/startup_stm32g473qetx.o
START GROUP
LOAD /opt/st/stm32cubeide_1.16.0/plugins/com.st.stm32cube.ide.mcu.externaltools.gnu-tools-for-stm32.12.3.rel1.linux64_1.0.200.202406132123/tools/bin/../lib/gcc/arm-none-eabi/12.3.1/../../../../arm-none-eabi/lib/thumb/v7e-m/nofp/libc_nano.a
LOAD /opt/st/stm32cubeide_1.16.0/plugins/com.st.stm32cube.ide.mcu.externaltools.gnu-tools-for-stm32.12.3.rel1.linux64_1.0.200.202406132123/tools/bin/../lib/gcc/arm-none-eabi/12.3.1/../../../../arm-none-eabi/lib/thumb/v7e-m/nofp/libm.a
END GROUP
START GROUP
LOAD /opt/st/stm32cubeide_1.16.0/plugins/com.st.stm32cube.ide.mcu.externaltools.gnu-tools-for-stm32.12.3.rel1.linux64_1.0.200.202406132123/tools/bin/../lib/gcc/arm-none-eabi/12.3.1/thumb/v7e-m/nofp/libgcc.a
LOAD /opt/st/stm32cubeide_1.16.0/plugins/com.st.stm32cube.ide.mcu.externaltools.gnu-tools-for-stm32.12.3.rel1.linux64_1.0.200.202406132123/tools/bin/../lib/gcc/arm-none-eabi/12.3.1/../../../../arm-none-eabi/lib/thumb/v7e-m/nofp/libc_nano.a
END GROUP
START GROUP
LOAD /opt/st/stm32cubeide_1.16.0/plugins/com.st.stm32cube.ide.mcu.externaltools.gnu-tools-for-stm32.12.3.rel1.linux64_1.0.200.202406132123/tools/bin/../lib/gcc/arm-none-eabi/12.3.1/thumb/v7e-m/nofp/libgcc.a
LOAD /opt/st/stm32cubeide_1.16.0/plugins/com.st.stm32cube.ide.mcu.externaltools.gnu-tools-for-stm32.12.3.rel1.linux64_1.0.200.202406132123/tools/bin/../lib/gcc/arm-none-eabi/12.3.1/../../../../arm-none-eabi/lib/thumb/v7e-m/nofp/libc_nano.a
LOAD /opt/st/stm32cubeide_1.16.0/plugins/com.st.stm32cube.ide.mcu.externaltools.gnu-tools-for-stm32.12.3.rel1.linux64_1.0.200.202406132123/tools/bin/../lib/gcc/arm-none-eabi/12.3.1/../../../../arm-none-eabi/lib/thumb/v7e-m/nofp/libnosys.a
END GROUP
START GROUP
LOAD /opt/st/stm32cubeide_1.16.0/plugins/com.st.stm32cube.ide.mcu.externaltools.gnu-tools-for-stm32.12.3.rel1.linux64_1.0.200.202406132123/tools/bin/../lib/gcc/arm-none-eabi/12.3.1/thumb/v7e-m/nofp/libgcc.a
LOAD /opt/st/stm32cubeide_1.16.0/plugins/com.st.stm32cube.ide.mcu.externaltools.gnu-tools-for-stm32.12.3.rel1.linux64_1.0.200.202406132123/tools/bin/../lib/gcc/arm-none-eabi/12.3.1/../../../../arm-none-eabi/lib/thumb/v7e-m/nofp/libc_nano.a
LOAD /opt/st/stm32cubeide_1.16.0/plugins/com.st.stm32cube.ide.mcu.externaltools.gnu-tools-for-stm32.12.3.rel1.linux64_1.0.200.202406132123/tools/bin/../lib/gcc/arm-none-eabi/12.3.1/../../../../arm-none-eabi/lib/thumb/v7e-m/nofp/libnosys.a
END GROUP
LOAD /opt/st/stm32cubeide_1.16.0/plugins/com.st.stm32cube.ide.mcu.externaltools.gnu-tools-for-stm32.12.3.rel1.linux64_1.0.200.202406132123/tools/bin/../lib/gcc/arm-none-eabi/12.3.1/thumb/v7e-m/nofp/crtend.o
LOAD /opt/st/stm32cubeide_1.16.0/plugins/com.st.stm32cube.ide.mcu.externaltools.gnu-tools-for-stm32.12.3.rel1.linux64_1.0.200.202406132123/tools/bin/../lib/gcc/arm-none-eabi/12.3.1/thumb/v7e-m/nofp/crtn.o
                0x20020000                        _estack = (ORIGIN (RAM) + LENGTH (RAM))
                0x00000200                        _Min_Heap_Size = 0x200
                0x00000400                        _Min_Stack_Size = 0x400

.isr_vector     0x08000000      0x1d8
                0x08000000                        . = ALIGN (0x4)
 *(.isr_vector)
 .isr_vector    0x08000000      0x1d8 ./Startup/startup_stm32g473qetx.o
                0x08000000                g_pfnVectors
                0x080001d8                        . = ALIGN (0x4)

.text           0x080001d8      0x5f0
                0x080001d8                        . = ALIGN (0x4)
 *(.text)
 .text          0x080001d8       0x40 /opt/st/stm32cubeide_1.16.0/plugins/com.st.stm32cube.ide.mcu.externaltools.gnu-tools-for-stm32.12.3.rel1.linux64_1.0.200.202406132123/tools/bin/../lib/gcc/arm-none-eabi/12.3.1/thumb/v7e-m/nofp/crtbegin.o
 *(.text*)
 .text.I2C_Init
                0x08000218       0xc4 ./Src/i2c.o
                0x08000218                I2C_Init
 .text.I2C_Start
                0x080002dc       0x2c ./Src/i2c.o
                0x080002dc                I2C_Start
 .text.I2C_Stop
                0x08000308       0x2c ./Src/i2c.o
                0x08000308                I2C_Stop
 .text.I2C_SendSlaveAddr
                0x08000334       0x34 ./Src/i2c.o
                0x08000334                I2C_SendSlaveAddr
 .text.I2C_SendData
                0x08000368       0x3c ./Src/i2c.o
                0x08000368                I2C_SendData
 .text.I2C_IsDeviceReady
                0x080003a4       0x38 ./Src/i2c.o
                0x080003a4                I2C_IsDeviceReady
 .text.DelayMs  0x080003dc       0x50 ./Src/i2c_lcd.o
 .text.Lcd_Write4BitAndCtrl
                0x0800042c       0x28 ./Src/i2c_lcd.o
                0x0800042c                Lcd_Write4BitAndCtrl
 .text.Lcd_WriteByte
                0x08000454       0x90 ./Src/i2c_lcd.o
                0x08000454                Lcd_WriteByte
 .text.Lcd_Init
                0x080004e4       0xc8 ./Src/i2c_lcd.o
                0x080004e4                Lcd_Init
 .text.Lcd_Puts
                0x080005ac       0x4e ./Src/i2c_lcd.o
                0x080005ac                Lcd_Puts
 .text.Lcd_ShiftLeft
                0x080005fa       0x10 ./Src/i2c_lcd.o
                0x080005fa                Lcd_ShiftLeft
 *fill*         0x0800060a        0x2 
 .text.DelayMs  0x0800060c       0x50 ./Src/main.o
 .text.main     0x0800065c       0x4c ./Src/main.o
                0x0800065c                main
 .text.SystemInit
                0x080006a8        0xc ./Src/system_stm32f4xx.o
                0x080006a8                SystemInit
 .text.DWT_Init
                0x080006b4       0x60 ./Src/system_stm32f4xx.o
                0x080006b4                DWT_Init
 .text.Reset_Handler
                0x08000714       0x50 ./Startup/startup_stm32g473qetx.o
                0x08000714                Reset_Handler
 .text.Default_Handler
                0x08000764        0x2 ./Startup/startup_stm32g473qetx.o
                0x08000764                EXTI2_IRQHandler
                0x08000764                TIM8_TRG_COM_IRQHandler
                0x08000764                TIM8_CC_IRQHandler
                0x08000764                DMA2_CH8_IRQHandler
                0x08000764                DebugMon_Handler
                0x08000764                DMA1_CH4_IRQHandler
                0x08000764                SPI4_IRQHandler
                0x08000764                FDCAN3_IT0_IRQHandler
                0x08000764                TIM1_CC_IRQHandler
                0x08000764                Cordic_IRQHandler
                0x08000764                HardFault_Handler
                0x08000764                USB_HP_IRQHandler
                0x08000764                SysTick_Handler
                0x08000764                PendSV_Handler
                0x08000764                NMI_Handler
                0x08000764                EXTI3_IRQHandler
                0x08000764                I2C3_ER_IRQHandler
                0x08000764                DMA1_CH8_IRQHandler
                0x08000764                TIM6_DACUNDER_IRQHandler
                0x08000764                EXTI0_IRQHandler
                0x08000764                I2C2_EV_IRQHandler
                0x08000764                DMA2_CH1_IRQHandler
                0x08000764                FPU_IRQHandler
                0x08000764                FDCAN1_IT1_IRQHandler
                0x08000764                TIM1_UP_TIM16_IRQHandler
                0x08000764                DMA2_CH7_IRQHandler
                0x08000764                UsageFault_Handler
                0x08000764                ADC1_2_IRQHandler
                0x08000764                SPI1_IRQHandler
                0x08000764                DMA1_CH7_IRQHandler
                0x08000764                TIM8_UP_IRQHandler
                0x08000764                USBWakeUP_IRQHandler
                0x08000764                RTC_ALARM_IRQHandler
                0x08000764                DMA1_CH6_IRQHandler
                0x08000764                TIM20_TRG_COM_IRQHandler
                0x08000764                USART3_IRQHandler
                0x08000764                LPUART_IRQHandler
                0x08000764                UART5_IRQHandler
                0x08000764                ADC3_IRQHandler
                0x08000764                TIM4_IRQHandler
                0x08000764                QUADSPI_IRQHandler
                0x08000764                I2C1_EV_IRQHandler
                0x08000764                DMA2_CH5_IRQHandler
                0x08000764                UART4_IRQHandler
                0x08000764                DMA1_CH3_IRQHandler
                0x08000764                TIM3_IRQHandler
                0x08000764                RCC_IRQHandler
                0x08000764                TIM20_UP_IRQHandler
                0x08000764                TIM1_TRG_COM_IRQHandler
                0x08000764                Default_Handler
                0x08000764                FMAC_IRQHandler
                0x08000764                EXTI15_10_IRQHandler
                0x08000764                TIM7_IRQHandler
                0x08000764                FDCAN3_IT1_IRQHandler
                0x08000764                TIM5_IRQHandler
                0x08000764                UCPD1_IRQHandler
                0x08000764                I2C3_EV_IRQHandler
                0x08000764                EXTI9_5_IRQHandler
                0x08000764                DMA1_CH2_IRQHandler
                0x08000764                RTC_WKUP_IRQHandler
                0x08000764                SAI_IRQHandler
                0x08000764                PVD_PVM_IRQHandler
                0x08000764                SPI2_IRQHandler
                0x08000764                DMA1_CH1_IRQHandler
                0x08000764                MemManage_Handler
                0x08000764                ADC5_IRQHandler
                0x08000764                SVC_Handler
                0x08000764                CRS_IRQHandler
                0x08000764                USB_LP_IRQHandler
                0x08000764                EXTI4_IRQHandler
                0x08000764                RNG_IRQHandler
                0x08000764                FDCAN2_IT1_IRQHandler
                0x08000764                ADC4_IRQHandler
                0x08000764                WWDG_IRQHandler
                0x08000764                I2C4_EV_IRQHandler
                0x08000764                FDCAN2_IT0_IRQHandler
                0x08000764                FDCAN1_IT0_IRQHandler
                0x08000764                TIM2_IRQHandler
                0x08000764                COMP7_IRQHandler
                0x08000764                COMP1_2_3_IRQHandler
                0x08000764                EXTI1_IRQHandler
                0x08000764                AES_IRQHandler
                0x08000764                USART2_IRQHandler
                0x08000764                COMP4_5_6_IRQHandler
                0x08000764                TIM20_BRK_IRQHandler
                0x08000764                I2C2_ER_IRQHandler
                0x08000764                TIM8_BRK_IRQHandler
                0x08000764                FLASH_IRQHandler
                0x08000764                TIM20_CC_IRQHandler
                0x08000764                BusFault_Handler
                0x08000764                USART1_IRQHandler
                0x08000764                SPI3_IRQHandler
                0x08000764                DMA2_CH6_IRQHandler
                0x08000764                DMA2_CH3_IRQHandler
                0x08000764                DMA2_CH2_IRQHandler
                0x08000764                I2C1_ER_IRQHandler
                0x08000764                FMC_IRQHandler
                0x08000764                DMA1_CH5_IRQHandler
                0x08000764                DMA2_CH4_IRQHandler
                0x08000764                LPTIM1_IRQHandler
                0x08000764                DMAMUX_OVR_IRQHandler
                0x08000764                I2C4_ER_IRQHandler
                0x08000764                RTC_TAMP_CSS_LSE_IRQHandler
                0x08000764                TIM1_BRK_TIM15_IRQHandler
 *fill*         0x08000766        0x2 
 .text.__libc_init_array
                0x08000768       0x48 /opt/st/stm32cubeide_1.16.0/plugins/com.st.stm32cube.ide.mcu.externaltools.gnu-tools-for-stm32.12.3.rel1.linux64_1.0.200.202406132123/tools/bin/../lib/gcc/arm-none-eabi/12.3.1/../../../../arm-none-eabi/lib/thumb/v7e-m/nofp/libc_nano.a(libc_a-init.o)
                0x08000768                __libc_init_array
 *(.glue_7)
 .glue_7        0x080007b0        0x0 linker stubs
 *(.glue_7t)
 .glue_7t       0x080007b0        0x0 linker stubs
 *(.eh_frame)
 .eh_frame      0x080007b0        0x0 /opt/st/stm32cubeide_1.16.0/plugins/com.st.stm32cube.ide.mcu.externaltools.gnu-tools-for-stm32.12.3.rel1.linux64_1.0.200.202406132123/tools/bin/../lib/gcc/arm-none-eabi/12.3.1/thumb/v7e-m/nofp/crtbegin.o
 *(.init)
 .init          0x080007b0        0x4 /opt/st/stm32cubeide_1.16.0/plugins/com.st.stm32cube.ide.mcu.externaltools.gnu-tools-for-stm32.12.3.rel1.linux64_1.0.200.202406132123/tools/bin/../lib/gcc/arm-none-eabi/12.3.1/thumb/v7e-m/nofp/crti.o
                0x080007b0                _init
 .init          0x080007b4        0x8 /opt/st/stm32cubeide_1.16.0/plugins/com.st.stm32cube.ide.mcu.externaltools.gnu-tools-for-stm32.12.3.rel1.linux64_1.0.200.202406132123/tools/bin/../lib/gcc/arm-none-eabi/12.3.1/thumb/v7e-m/nofp/crtn.o
 *(.fini)
 .fini          0x080007bc        0x4 /opt/st/stm32cubeide_1.16.0/plugins/com.st.stm32cube.ide.mcu.externaltools.gnu-tools-for-stm32.12.3.rel1.linux64_1.0.200.202406132123/tools/bin/../lib/gcc/arm-none-eabi/12.3.1/thumb/v7e-m/nofp/crti.o
                0x080007bc                _fini
 .fini          0x080007c0        0x8 /opt/st/stm32cubeide_1.16.0/plugins/com.st.stm32cube.ide.mcu.externaltools.gnu-tools-for-stm32.12.3.rel1.linux64_1.0.200.202406132123/tools/bin/../lib/gcc/arm-none-eabi/12.3.1/thumb/v7e-m/nofp/crtn.o
                0x080007c8                        . = ALIGN (0x4)
                0x080007c8                        _etext = .

.vfp11_veneer   0x080007c8        0x0
 .vfp11_veneer  0x080007c8        0x0 linker stubs

.v4_bx          0x080007c8        0x0
 .v4_bx         0x080007c8        0x0 linker stubs

.iplt           0x080007c8        0x0
 .iplt          0x080007c8        0x0 /opt/st/stm32cubeide_1.16.0/plugins/com.st.stm32cube.ide.mcu.externaltools.gnu-tools-for-stm32.12.3.rel1.linux64_1.0.200.202406132123/tools/bin/../lib/gcc/arm-none-eabi/12.3.1/thumb/v7e-m/nofp/crtbegin.o

.rodata         0x080007c8       0x18
                0x080007c8                        . = ALIGN (0x4)
 *(.rodata)
 .rodata        0x080007c8       0x15 ./Src/main.o
 *(.rodata*)
                0x080007e0                        . = ALIGN (0x4)
 *fill*         0x080007dd        0x3 

.ARM.extab      0x080007e0        0x0
                0x080007e0                        . = ALIGN (0x4)
 *(.ARM.extab* .gnu.linkonce.armextab.*)
                0x080007e0                        . = ALIGN (0x4)

.ARM            0x080007e0        0x0
                0x080007e0                        . = ALIGN (0x4)
                0x080007e0                        __exidx_start = .
 *(.ARM.exidx*)
                0x080007e0                        __exidx_end = .
                0x080007e0                        . = ALIGN (0x4)

.preinit_array  0x080007e0        0x0
                0x080007e0                        . = ALIGN (0x4)
                0x080007e0                        PROVIDE (__preinit_array_start = .)
 *(.preinit_array*)
                0x080007e0                        PROVIDE (__preinit_array_end = .)
                0x080007e0                        . = ALIGN (0x4)

.init_array     0x080007e0        0x4
                0x080007e0                        . = ALIGN (0x4)
                0x080007e0                        PROVIDE (__init_array_start = .)
 *(SORT_BY_NAME(.init_array.*))
 *(.init_array*)
 .init_array    0x080007e0        0x4 /opt/st/stm32cubeide_1.16.0/plugins/com.st.stm32cube.ide.mcu.externaltools.gnu-tools-for-stm32.12.3.rel1.linux64_1.0.200.202406132123/tools/bin/../lib/gcc/arm-none-eabi/12.3.1/thumb/v7e-m/nofp/crtbegin.o
                0x080007e4                        PROVIDE (__init_array_end = .)
                0x080007e4                        . = ALIGN (0x4)

.fini_array     0x080007e4        0x4
                0x080007e4                        . = ALIGN (0x4)
                [!provide]                        PROVIDE (__fini_array_start = .)
 *(SORT_BY_NAME(.fini_array.*))
 *(.fini_array*)
 .fini_array    0x080007e4        0x4 /opt/st/stm32cubeide_1.16.0/plugins/com.st.stm32cube.ide.mcu.externaltools.gnu-tools-for-stm32.12.3.rel1.linux64_1.0.200.202406132123/tools/bin/../lib/gcc/arm-none-eabi/12.3.1/thumb/v7e-m/nofp/crtbegin.o
                [!provide]                        PROVIDE (__fini_array_end = .)
                0x080007e8                        . = ALIGN (0x4)
                0x080007e8                        _sidata = LOADADDR (.data)

.rel.dyn        0x080007e8        0x0
 .rel.iplt      0x080007e8        0x0 /opt/st/stm32cubeide_1.16.0/plugins/com.st.stm32cube.ide.mcu.externaltools.gnu-tools-for-stm32.12.3.rel1.linux64_1.0.200.202406132123/tools/bin/../lib/gcc/arm-none-eabi/12.3.1/thumb/v7e-m/nofp/crtbegin.o

.data           0x20000000        0x4 load address 0x080007e8
                0x20000000                        . = ALIGN (0x4)
                0x20000000                        _sdata = .
 *(.data)
 *(.data*)
 .data.SystemCoreClock
                0x20000000        0x4 ./Src/system_stm32f4xx.o
                0x20000000                SystemCoreClock
 *(.RamFunc)
 *(.RamFunc*)
                0x20000004                        . = ALIGN (0x4)
                0x20000004                        _edata = .
                0x080007ec                        _siccmsram = LOADADDR (.ccmsram)

.igot.plt       0x20000004        0x0 load address 0x080007ec
 .igot.plt      0x20000004        0x0 /opt/st/stm32cubeide_1.16.0/plugins/com.st.stm32cube.ide.mcu.externaltools.gnu-tools-for-stm32.12.3.rel1.linux64_1.0.200.202406132123/tools/bin/../lib/gcc/arm-none-eabi/12.3.1/thumb/v7e-m/nofp/crtbegin.o

.ccmsram        0x10000000        0x0 load address 0x080007ec
                0x10000000                        . = ALIGN (0x4)
                0x10000000                        _sccmsram = .
 *(.ccmsram)
 *(.ccmsram*)
                0x10000000                        . = ALIGN (0x4)
                0x10000000                        _eccmsram = .
                0x10000000                        . = ALIGN (0x4)

.bss            0x20000004       0x1c
                0x20000004                        _sbss = .
                0x20000004                        __bss_start__ = _sbss
 *(.bss)
 .bss           0x20000004       0x1c /opt/st/stm32cubeide_1.16.0/plugins/com.st.stm32cube.ide.mcu.externaltools.gnu-tools-for-stm32.12.3.rel1.linux64_1.0.200.202406132123/tools/bin/../lib/gcc/arm-none-eabi/12.3.1/thumb/v7e-m/nofp/crtbegin.o
 *(.bss*)
 *(COMMON)
                0x20000020                        . = ALIGN (0x4)
                0x20000020                        _ebss = .
                0x20000020                        __bss_end__ = _ebss

._user_heap_stack
                0x20000020      0x600
                0x20000020                        . = ALIGN (0x8)
                [!provide]                        PROVIDE (end = .)
                0x20000020                        PROVIDE (_end = .)
                0x20000220                        . = (. + _Min_Heap_Size)
 *fill*         0x20000020      0x200 
                0x20000620                        . = (. + _Min_Stack_Size)
 *fill*         0x20000220      0x400 
                0x20000620                        . = ALIGN (0x8)

/DISCARD/
 libc.a(*)
 libm.a(*)
 libgcc.a(*)

.ARM.attributes
                0x00000000       0x2a
 *(.ARM.attributes)
 .ARM.attributes
                0x00000000       0x1e /opt/st/stm32cubeide_1.16.0/plugins/com.st.stm32cube.ide.mcu.externaltools.gnu-tools-for-stm32.12.3.rel1.linux64_1.0.200.202406132123/tools/bin/../lib/gcc/arm-none-eabi/12.3.1/thumb/v7e-m/nofp/crti.o
 .ARM.attributes
                0x0000001e       0x2e /opt/st/stm32cubeide_1.16.0/plugins/com.st.stm32cube.ide.mcu.externaltools.gnu-tools-for-stm32.12.3.rel1.linux64_1.0.200.202406132123/tools/bin/../lib/gcc/arm-none-eabi/12.3.1/thumb/v7e-m/nofp/crtbegin.o
 .ARM.attributes
                0x0000004c       0x2e ./Src/i2c.o
 .ARM.attributes
                0x0000007a       0x2e ./Src/i2c_lcd.o
 .ARM.attributes
                0x000000a8       0x2e ./Src/main.o
 .ARM.attributes
                0x000000d6       0x2e ./Src/system_stm32f4xx.o
 .ARM.attributes
                0x00000104       0x21 ./Startup/startup_stm32g473qetx.o
 .ARM.attributes
                0x00000125       0x2e /opt/st/stm32cubeide_1.16.0/plugins/com.st.stm32cube.ide.mcu.externaltools.gnu-tools-for-stm32.12.3.rel1.linux64_1.0.200.202406132123/tools/bin/../lib/gcc/arm-none-eabi/12.3.1/../../../../arm-none-eabi/lib/thumb/v7e-m/nofp/libc_nano.a(libc_a-init.o)
 .ARM.attributes
                0x00000153       0x1e /opt/st/stm32cubeide_1.16.0/plugins/com.st.stm32cube.ide.mcu.externaltools.gnu-tools-for-stm32.12.3.rel1.linux64_1.0.200.202406132123/tools/bin/../lib/gcc/arm-none-eabi/12.3.1/thumb/v7e-m/nofp/crtn.o
OUTPUT(assignment06.elf elf32-littlearm)
LOAD linker stubs
LOAD /opt/st/stm32cubeide_1.16.0/plugins/com.st.stm32cube.ide.mcu.externaltools.gnu-tools-for-stm32.12.3.rel1.linux64_1.0.200.202406132123/tools/bin/../lib/gcc/arm-none-eabi/12.3.1/../../../../arm-none-eabi/lib/thumb/v7e-m/nofp/libc.a
LOAD /opt/st/stm32cubeide_1.16.0/plugins/com.st.stm32cube.ide.mcu.externaltools.gnu-tools-for-stm32.12.3.rel1.linux64_1.0.200.202406132123/tools/bin/../lib/gcc/arm-none-eabi/12.3.1/../../../../arm-none-eabi/lib/thumb/v7e-m/nofp/libm.a
LOAD /opt/st/stm32cubeide_1.16.0/plugins/com.st.stm32cube.ide.mcu.externaltools.gnu-tools-for-stm32.12.3.rel1.linux64_1.0.200.202406132123/tools/bin/../lib/gcc/arm-none-eabi/12.3.1/thumb/v7e-m/nofp/libgcc.a

.debug_info     0x00000000      0xff0
 .debug_info    0x00000000      0x459 ./Src/i2c.o
 .debug_info    0x00000459      0x383 ./Src/i2c_lcd.o
 .debug_info    0x000007dc      0x2a8 ./Src/main.o
 .debug_info    0x00000a84      0x53c ./Src/system_stm32f4xx.o
 .debug_info    0x00000fc0       0x30 ./Startup/startup_stm32g473qetx.o

.debug_abbrev   0x00000000      0x5a5
 .debug_abbrev  0x00000000      0x131 ./Src/i2c.o
 .debug_abbrev  0x00000131      0x1a1 ./Src/i2c_lcd.o
 .debug_abbrev  0x000002d2      0x157 ./Src/main.o
 .debug_abbrev  0x00000429      0x158 ./Src/system_stm32f4xx.o
 .debug_abbrev  0x00000581       0x24 ./Startup/startup_stm32g473qetx.o

.debug_aranges  0x00000000      0x130
 .debug_aranges
                0x00000000       0x60 ./Src/i2c.o
 .debug_aranges
                0x00000060       0x48 ./Src/i2c_lcd.o
 .debug_aranges
                0x000000a8       0x28 ./Src/main.o
 .debug_aranges
                0x000000d0       0x38 ./Src/system_stm32f4xx.o
 .debug_aranges
                0x00000108       0x28 ./Startup/startup_stm32g473qetx.o

.debug_rnglists
                0x00000000       0xcf
 .debug_rnglists
                0x00000000       0x44 ./Src/i2c.o
 .debug_rnglists
                0x00000044       0x33 ./Src/i2c_lcd.o
 .debug_rnglists
                0x00000077       0x19 ./Src/main.o
 .debug_rnglists
                0x00000090       0x26 ./Src/system_stm32f4xx.o
 .debug_rnglists
                0x000000b6       0x19 ./Startup/startup_stm32g473qetx.o

.debug_macro    0x00000000    0x19017
 .debug_macro   0x00000000       0xdc ./Src/i2c.o
 .debug_macro   0x000000dc      0xab4 ./Src/i2c.o
 .debug_macro   0x00000b90       0x34 ./Src/i2c.o
 .debug_macro   0x00000bc4       0x2f ./Src/i2c.o
 .debug_macro   0x00000bf3       0x22 ./Src/i2c.o
 .debug_macro   0x00000c15       0x8e ./Src/i2c.o
 .debug_macro   0x00000ca3       0x51 ./Src/i2c.o
 .debug_macro   0x00000cf4      0x103 ./Src/i2c.o
 .debug_macro   0x00000df7       0x6a ./Src/i2c.o
 .debug_macro   0x00000e61      0x1df ./Src/i2c.o
 .debug_macro   0x00001040       0x1c ./Src/i2c.o
 .debug_macro   0x0000105c       0x22 ./Src/i2c.o
 .debug_macro   0x0000107e       0xd9 ./Src/i2c.o
 .debug_macro   0x00001157     0x102d ./Src/i2c.o
 .debug_macro   0x00002184      0x11f ./Src/i2c.o
 .debug_macro   0x000022a3       0x11 ./Src/i2c.o
 .debug_macro   0x000022b4    0x15e3c ./Src/i2c.o
 .debug_macro   0x000180f0       0x4a ./Src/i2c.o
 .debug_macro   0x0001813a       0x10 ./Src/i2c.o
 .debug_macro   0x0001814a       0xeb ./Src/i2c_lcd.o
 .debug_macro   0x00018235       0x76 ./Src/i2c_lcd.o
 .debug_macro   0x000182ab      0x1d0 ./Src/main.o
 .debug_macro   0x0001847b       0x61 ./Src/main.o
 .debug_macro   0x000184dc       0x24 ./Src/main.o
 .debug_macro   0x00018500       0x43 ./Src/main.o
 .debug_macro   0x00018543       0x34 ./Src/main.o
 .debug_macro   0x00018577       0x16 ./Src/main.o
 .debug_macro   0x0001858d       0x9e ./Src/main.o
 .debug_macro   0x0001862b      0x369 ./Src/main.o
 .debug_macro   0x00018994      0x10b ./Src/main.o
 .debug_macro   0x00018a9f       0x10 ./Src/main.o
 .debug_macro   0x00018aaf       0x16 ./Src/main.o
 .debug_macro   0x00018ac5       0x43 ./Src/main.o
 .debug_macro   0x00018b08       0x34 ./Src/main.o
 .debug_macro   0x00018b3c       0x10 ./Src/main.o
 .debug_macro   0x00018b4c       0x58 ./Src/main.o
 .debug_macro   0x00018ba4       0x8e ./Src/main.o
 .debug_macro   0x00018c32       0x1c ./Src/main.o
 .debug_macro   0x00018c4e      0x177 ./Src/main.o
 .debug_macro   0x00018dc5       0x16 ./Src/main.o
 .debug_macro   0x00018ddb       0x16 ./Src/main.o
 .debug_macro   0x00018df1      0x146 ./Src/main.o
 .debug_macro   0x00018f37       0xe0 ./Src/system_stm32f4xx.o

.debug_line     0x00000000     0x160a
 .debug_line    0x00000000      0x605 ./Src/i2c.o
 .debug_line    0x00000605      0x504 ./Src/i2c_lcd.o
 .debug_line    0x00000b09      0x5b0 ./Src/main.o
 .debug_line    0x000010b9      0x4d6 ./Src/system_stm32f4xx.o
 .debug_line    0x0000158f       0x7b ./Startup/startup_stm32g473qetx.o

.debug_str      0x00000000    0x8b94d
 .debug_str     0x00000000    0x87bce ./Src/i2c.o
                              0x87d4d (size before relaxing)
 .debug_str     0x00087bce      0x258 ./Src/i2c_lcd.o
                              0x87e2e (size before relaxing)
 .debug_str     0x00087e26     0x39fa ./Src/main.o
                              0x8b81a (size before relaxing)
 .debug_str     0x0008b820       0xee ./Src/system_stm32f4xx.o
                              0x87dd9 (size before relaxing)
 .debug_str     0x0008b90e       0x3f ./Startup/startup_stm32g473qetx.o
                                 0x92 (size before relaxing)

.comment        0x00000000       0x43
 .comment       0x00000000       0x43 ./Src/i2c.o
                                 0x44 (size before relaxing)
 .comment       0x00000043       0x44 ./Src/i2c_lcd.o
 .comment       0x00000043       0x44 ./Src/main.o
 .comment       0x00000043       0x44 ./Src/system_stm32f4xx.o

.debug_frame    0x00000000      0x344
 .debug_frame   0x00000000      0x154 ./Src/i2c.o
 .debug_frame   0x00000154       0xe4 ./Src/i2c_lcd.o
 .debug_frame   0x00000238       0x5c ./Src/main.o
 .debug_frame   0x00000294       0x84 ./Src/system_stm32f4xx.o
 .debug_frame   0x00000318       0x2c /opt/st/stm32cubeide_1.16.0/plugins/com.st.stm32cube.ide.mcu.externaltools.gnu-tools-for-stm32.12.3.rel1.linux64_1.0.200.202406132123/tools/bin/../lib/gcc/arm-none-eabi/12.3.1/../../../../arm-none-eabi/lib/thumb/v7e-m/nofp/libc_nano.a(libc_a-init.o)

.debug_loclists
                0x00000000       0x1f
 .debug_loclists
                0x00000000       0x1f ./Src/system_stm32f4xx.o

.debug_line_str
                0x00000000       0x76
 .debug_line_str
                0x00000000       0x76 ./Startup/startup_stm32g473qetx.o
