16:10:41 **** Incremental Build of configuration Debug for project assignment_day9_accel ****
make -j8 all 
arm-none-eabi-gcc "../Src/accel.c" -mcpu=cortex-m4 -std=gnu11 -g3 -DDEBUG -DSTM32 -DB_G473E_ZEST1S -DSTM32G473QETx -DSTM32G4 -c -I../Inc -O0 -ffunction-sections -fdata-sections -Wall -fstack-usage -fcyclomatic-complexity -MMD -MP -MF"Src/accel.d" -MT"Src/accel.o" --specs=nano.specs -mfpu=fpv4-sp-d16 -mfloat-abi=hard -mthumb -o "Src/accel.o"
arm-none-eabi-gcc "../Src/i2c.c" -mcpu=cortex-m4 -std=gnu11 -g3 -DDEBUG -DSTM32 -DB_G473E_ZEST1S -DSTM32G473QETx -DSTM32G4 -c -I../Inc -O0 -ffunction-sections -fdata-sections -Wall -fstack-usage -fcyclomatic-complexity -MMD -MP -MF"Src/i2c.d" -MT"Src/i2c.o" --specs=nano.specs -mfpu=fpv4-sp-d16 -mfloat-abi=hard -mthumb -o "Src/i2c.o"
arm-none-eabi-gcc "../Src/i2c_lcd.c" -mcpu=cortex-m4 -std=gnu11 -g3 -DDEBUG -DSTM32 -DB_G473E_ZEST1S -DSTM32G473QETx -DSTM32G4 -c -I../Inc -O0 -ffunction-sections -fdata-sections -Wall -fstack-usage -fcyclomatic-complexity -MMD -MP -MF"Src/i2c_lcd.d" -MT"Src/i2c_lcd.o" --specs=nano.specs -mfpu=fpv4-sp-d16 -mfloat-abi=hard -mthumb -o "Src/i2c_lcd.o"
arm-none-eabi-gcc "../Src/itm.c" -mcpu=cortex-m4 -std=gnu11 -g3 -DDEBUG -DSTM32 -DB_G473E_ZEST1S -DSTM32G473QETx -DSTM32G4 -c -I../Inc -O0 -ffunction-sections -fdata-sections -Wall -fstack-usage -fcyclomatic-complexity -MMD -MP -MF"Src/itm.d" -MT"Src/itm.o" --specs=nano.specs -mfpu=fpv4-sp-d16 -mfloat-abi=hard -mthumb -o "Src/itm.o"
arm-none-eabi-gcc "../Src/main.c" -mcpu=cortex-m4 -std=gnu11 -g3 -DDEBUG -DSTM32 -DB_G473E_ZEST1S -DSTM32G473QETx -DSTM32G4 -c -I../Inc -O0 -ffunction-sections -fdata-sections -Wall -fstack-usage -fcyclomatic-complexity -MMD -MP -MF"Src/main.d" -MT"Src/main.o" --specs=nano.specs -mfpu=fpv4-sp-d16 -mfloat-abi=hard -mthumb -o "Src/main.o"
arm-none-eabi-gcc "../Src/spi.c" -mcpu=cortex-m4 -std=gnu11 -g3 -DDEBUG -DSTM32 -DB_G473E_ZEST1S -DSTM32G473QETx -DSTM32G4 -c -I../Inc -O0 -ffunction-sections -fdata-sections -Wall -fstack-usage -fcyclomatic-complexity -MMD -MP -MF"Src/spi.d" -MT"Src/spi.o" --specs=nano.specs -mfpu=fpv4-sp-d16 -mfloat-abi=hard -mthumb -o "Src/spi.o"
arm-none-eabi-gcc "../Src/syscalls.c" -mcpu=cortex-m4 -std=gnu11 -g3 -DDEBUG -DSTM32 -DB_G473E_ZEST1S -DSTM32G473QETx -DSTM32G4 -c -I../Inc -O0 -ffunction-sections -fdata-sections -Wall -fstack-usage -fcyclomatic-complexity -MMD -MP -MF"Src/syscalls.d" -MT"Src/syscalls.o" --specs=nano.specs -mfpu=fpv4-sp-d16 -mfloat-abi=hard -mthumb -o "Src/syscalls.o"
arm-none-eabi-gcc "../Src/sysmem.c" -mcpu=cortex-m4 -std=gnu11 -g3 -DDEBUG -DSTM32 -DB_G473E_ZEST1S -DSTM32G473QETx -DSTM32G4 -c -I../Inc -O0 -ffunction-sections -fdata-sections -Wall -fstack-usage -fcyclomatic-complexity -MMD -MP -MF"Src/sysmem.d" -MT"Src/sysmem.o" --specs=nano.specs -mfpu=fpv4-sp-d16 -mfloat-abi=hard -mthumb -o "Src/sysmem.o"
arm-none-eabi-gcc "../Src/system_stm32f4xx.c" -mcpu=cortex-m4 -std=gnu11 -g3 -DDEBUG -DSTM32 -DB_G473E_ZEST1S -DSTM32G473QETx -DSTM32G4 -c -I../Inc -O0 -ffunction-sections -fdata-sections -Wall -fstack-usage -fcyclomatic-complexity -MMD -MP -MF"Src/system_stm32f4xx.d" -MT"Src/system_stm32f4xx.o" --specs=nano.specs -mfpu=fpv4-sp-d16 -mfloat-abi=hard -mthumb -o "Src/system_stm32f4xx.o"
../Src/main.c:27:4: warning: #warning "FPU is not initialized, but the project is compiling for an FPU. Please initialize the FPU before use." [-Wcpp]
   27 |   #warning "FPU is not initialized, but the project is compiling for an FPU. Please initialize the FPU before use."
      |    ^~~~~~~
../Src/main.c: In function 'main':
../Src/main.c:35:9: warning: implicit declaration of function 'I2CPuts' [-Wimplicit-function-declaration]
   35 |         I2CPuts("LIS3DSH Accel Demo!\r\n");
      |         ^~~~~~~
../Src/accel.c: In function 'SPI_WriteIO':
../Src/accel.c:13:9: warning: implicit declaration of function 'SPI_CS_Enable' [-Wimplicit-function-declaration]
   13 |         SPI_CS_Enable();
      |         ^~~~~~~~~~~~~
../Src/accel.c:15:9: warning: implicit declaration of function 'SPI_Transmit' [-Wimplicit-function-declaration]
   15 |         SPI_Transmit(regr);
      |         ^~~~~~~~~~~~
../Src/accel.c:18:5: warning: implicit declaration of function 'SPI_CS_Disable' [-Wimplicit-function-declaration]
   18 |     SPI_CS_Disable();
      |     ^~~~~~~~~~~~~~
../Src/accel.c: In function 'SPI_ReadIO':
../Src/accel.c:27:11: warning: implicit declaration of function 'SPI_Receive' [-Wimplicit-function-declaration]
   27 |   data[i]=SPI_Receive();
      |           ^~~~~~~~~~~
../Src/accel.c: In function 'LIS_Init':
../Src/accel.c:33:3: warning: implicit declaration of function 'SPI_Init' [-Wimplicit-function-declaration]
   33 |   SPI_Init();
      |   ^~~~~~~~
arm-none-eabi-gcc -o "assignment_day9_accel.elf" @"objects.list"   -mcpu=cortex-m4 -T"/home/gauri/DESD/MCPI/MCPI_all_Assignments/MCPI_all_Assignments/assignment_day9_accel/STM32G473QETX_FLASH.ld" --specs=nosys.specs -Wl,-Map="assignment_day9_accel.map" -Wl,--gc-sections -static --specs=nano.specs -mfpu=fpv4-sp-d16 -mfloat-abi=hard -mthumb -Wl,--start-group -lc -lm -Wl,--end-group
/opt/st/stm32cubeide_1.16.0/plugins/com.st.stm32cube.ide.mcu.externaltools.gnu-tools-for-stm32.12.3.rel1.linux64_1.0.200.202406132123/tools/bin/../lib/gcc/arm-none-eabi/12.3.1/../../../../arm-none-eabi/bin/ld: ./Src/main.o: in function `main':
/home/gauri/DESD/MCPI/MCPI_all_Assignments/MCPI_all_Assignments/assignment_day9_accel/Debug/../Src/main.c:35: undefined reference to `I2CPuts'
/opt/st/stm32cubeide_1.16.0/plugins/com.st.stm32cube.ide.mcu.externaltools.gnu-tools-for-stm32.12.3.rel1.linux64_1.0.200.202406132123/tools/bin/../lib/gcc/arm-none-eabi/12.3.1/../../../../arm-none-eabi/bin/ld: /home/gauri/DESD/MCPI/MCPI_all_Assignments/MCPI_all_Assignments/assignment_day9_accel/Debug/../Src/main.c:43: undefined reference to `I2CPuts'
collect2: error: ld returned 1 exit status
make: *** [makefile:63: assignment_day9_accel.elf] Error 1
"make -j8 all" terminated with exit code 2. Build might be incomplete.
16:12:50 **** Incremental Build of configuration Debug for project assignment_day9_accel ****
make -j8 all 
arm-none-eabi-gcc "../Src/main.c" -mcpu=cortex-m4 -std=gnu11 -g3 -DDEBUG -DSTM32 -DB_G473E_ZEST1S -DSTM32G473QETx -DSTM32G4 -c -I../Inc -O0 -ffunction-sections -fdata-sections -Wall -fstack-usage -fcyclomatic-complexity -MMD -MP -MF"Src/main.d" -MT"Src/main.o" --specs=nano.specs -mfpu=fpv4-sp-d16 -mfloat-abi=hard -mthumb -o "Src/main.o"
../Src/main.c:27:4: warning: #warning "FPU is not initialized, but the project is compiling for an FPU. Please initialize the FPU before use." [-Wcpp]
   27 |   #warning "FPU is not initialized, but the project is compiling for an FPU. Please initialize the FPU before use."
      |    ^~~~~~~
../Src/main.c: In function 'main':
../Src/main.c:35:9: warning: implicit declaration of function 'LCDPuts' [-Wimplicit-function-declaration]
   35 |         LCDPuts("LIS3DSH Accel Demo!\r\n");
      |         ^~~~~~~
arm-none-eabi-gcc -o "assignment_day9_accel.elf" @"objects.list"   -mcpu=cortex-m4 -T"/home/gauri/DESD/MCPI/MCPI_all_Assignments/MCPI_all_Assignments/assignment_day9_accel/STM32G473QETX_FLASH.ld" --specs=nosys.specs -Wl,-Map="assignment_day9_accel.map" -Wl,--gc-sections -static --specs=nano.specs -mfpu=fpv4-sp-d16 -mfloat-abi=hard -mthumb -Wl,--start-group -lc -lm -Wl,--end-group
/opt/st/stm32cubeide_1.16.0/plugins/com.st.stm32cube.ide.mcu.externaltools.gnu-tools-for-stm32.12.3.rel1.linux64_1.0.200.202406132123/tools/bin/../lib/gcc/arm-none-eabi/12.3.1/../../../../arm-none-eabi/bin/ld: ./Src/main.o: in function `main':
/home/gauri/DESD/MCPI/MCPI_all_Assignments/MCPI_all_Assignments/assignment_day9_accel/Debug/../Src/main.c:35: undefined reference to `LCDPuts'
/opt/st/stm32cubeide_1.16.0/plugins/com.st.stm32cube.ide.mcu.externaltools.gnu-tools-for-stm32.12.3.rel1.linux64_1.0.200.202406132123/tools/bin/../lib/gcc/arm-none-eabi/12.3.1/../../../../arm-none-eabi/bin/ld: /home/gauri/DESD/MCPI/MCPI_all_Assignments/MCPI_all_Assignments/assignment_day9_accel/Debug/../Src/main.c:43: undefined reference to `LCDPuts'
collect2: error: ld returned 1 exit status
make: *** [makefile:63: assignment_day9_accel.elf] Error 1
"make -j8 all" terminated with exit code 2. Build might be incomplete.
16:13:21 **** Incremental Build of configuration Debug for project assignment_day9_accel ****
make -j8 all 
arm-none-eabi-gcc "../Src/main.c" -mcpu=cortex-m4 -std=gnu11 -g3 -DDEBUG -DSTM32 -DB_G473E_ZEST1S -DSTM32G473QETx -DSTM32G4 -c -I../Inc -O0 -ffunction-sections -fdata-sections -Wall -fstack-usage -fcyclomatic-complexity -MMD -MP -MF"Src/main.d" -MT"Src/main.o" --specs=nano.specs -mfpu=fpv4-sp-d16 -mfloat-abi=hard -mthumb -o "Src/main.o"
../Src/main.c:27:4: warning: #warning "FPU is not initialized, but the project is compiling for an FPU. Please initialize the FPU before use." [-Wcpp]
   27 |   #warning "FPU is not initialized, but the project is compiling for an FPU. Please initialize the FPU before use."
      |    ^~~~~~~
../Src/main.c: In function 'main':
../Src/main.c:35:9: warning: implicit declaration of function 'LcdPuts' [-Wimplicit-function-declaration]
   35 |         LcdPuts("LIS3DSH Accel Demo!\r\n");
      |         ^~~~~~~
arm-none-eabi-gcc -o "assignment_day9_accel.elf" @"objects.list"   -mcpu=cortex-m4 -T"/home/gauri/DESD/MCPI/MCPI_all_Assignments/MCPI_all_Assignments/assignment_day9_accel/STM32G473QETX_FLASH.ld" --specs=nosys.specs -Wl,-Map="assignment_day9_accel.map" -Wl,--gc-sections -static --specs=nano.specs -mfpu=fpv4-sp-d16 -mfloat-abi=hard -mthumb -Wl,--start-group -lc -lm -Wl,--end-group
/opt/st/stm32cubeide_1.16.0/plugins/com.st.stm32cube.ide.mcu.externaltools.gnu-tools-for-stm32.12.3.rel1.linux64_1.0.200.202406132123/tools/bin/../lib/gcc/arm-none-eabi/12.3.1/../../../../arm-none-eabi/bin/ld: ./Src/main.o: in function `main':
/home/gauri/DESD/MCPI/MCPI_all_Assignments/MCPI_all_Assignments/assignment_day9_accel/Debug/../Src/main.c:35: undefined reference to `LcdPuts'
/opt/st/stm32cubeide_1.16.0/plugins/com.st.stm32cube.ide.mcu.externaltools.gnu-tools-for-stm32.12.3.rel1.linux64_1.0.200.202406132123/tools/bin/../lib/gcc/arm-none-eabi/12.3.1/../../../../arm-none-eabi/bin/ld: /home/gauri/DESD/MCPI/MCPI_all_Assignments/MCPI_all_Assignments/assignment_day9_accel/Debug/../Src/main.c:43: undefined reference to `LcdPuts'
collect2: error: ld returned 1 exit status
make: *** [makefile:63: assignment_day9_accel.elf] Error 1
"make -j8 all" terminated with exit code 2. Build might be incomplete.
16:13:49 **** Incremental Build of configuration Debug for project assignment_day9_accel ****
make -j8 all 
arm-none-eabi-gcc "../Src/main.c" -mcpu=cortex-m4 -std=gnu11 -g3 -DDEBUG -DSTM32 -DB_G473E_ZEST1S -DSTM32G473QETx -DSTM32G4 -c -I../Inc -O0 -ffunction-sections -fdata-sections -Wall -fstack-usage -fcyclomatic-complexity -MMD -MP -MF"Src/main.d" -MT"Src/main.o" --specs=nano.specs -mfpu=fpv4-sp-d16 -mfloat-abi=hard -mthumb -o "Src/main.o"
../Src/main.c:27:4: warning: #warning "FPU is not initialized, but the project is compiling for an FPU. Please initialize the FPU before use." [-Wcpp]
   27 |   #warning "FPU is not initialized, but the project is compiling for an FPU. Please initialize the FPU before use."
      |    ^~~~~~~
../Src/main.c: In function 'main':
../Src/main.c:35:9: warning: implicit declaration of function 'Lcd_Puts' [-Wimplicit-function-declaration]
   35 |         Lcd_Puts("LIS3DSH Accel Demo!\r\n");
      |         ^~~~~~~~
arm-none-eabi-gcc -o "assignment_day9_accel.elf" @"objects.list"   -mcpu=cortex-m4 -T"/home/gauri/DESD/MCPI/MCPI_all_Assignments/MCPI_all_Assignments/assignment_day9_accel/STM32G473QETX_FLASH.ld" --specs=nosys.specs -Wl,-Map="assignment_day9_accel.map" -Wl,--gc-sections -static --specs=nano.specs -mfpu=fpv4-sp-d16 -mfloat-abi=hard -mthumb -Wl,--start-group -lc -lm -Wl,--end-group
Finished building target: assignment_day9_accel.elf
 
arm-none-eabi-size  assignment_day9_accel.elf 
arm-none-eabi-objdump -h -S assignment_day9_accel.elf  > "assignment_day9_accel.list"
   text	   data	    bss	    dec	    hex	filename
   5036	     84	   1900	   7020	   1b6c	assignment_day9_accel.elf
Finished building: default.size.stdout
 
Finished building: assignment_day9_accel.list
 
16:14:21 **** Incremental Build of configuration Debug for project assignment_day9_accel ****
make -j8 all 
arm-none-eabi-gcc -mcpu=cortex-m4 -g3 -DDEBUG -c -x assembler-with-cpp -MMD -MP -MF"Startup/startup_stm32g473qetx.d" -MT"Startup/startup_stm32g473qetx.o" --specs=nano.specs -mfpu=fpv4-sp-d16 -mfloat-abi=soft -mthumb -o "Startup/startup_stm32g473qetx.o" "../Startup/startup_stm32g473qetx.s"
arm-none-eabi-gcc "../Src/accel.c" -mcpu=cortex-m4 -std=gnu11 -g3 -DDEBUG -DSTM32 -DB_G473E_ZEST1S -DSTM32G473QETx -DSTM32G4 -c -I../Inc -O0 -ffunction-sections -fdata-sections -Wall -fstack-usage -fcyclomatic-complexity -MMD -MP -MF"Src/accel.d" -MT"Src/accel.o" --specs=nano.specs -mfpu=fpv4-sp-d16 -mfloat-abi=soft -mthumb -o "Src/accel.o"
arm-none-eabi-gcc "../Src/i2c.c" -mcpu=cortex-m4 -std=gnu11 -g3 -DDEBUG -DSTM32 -DB_G473E_ZEST1S -DSTM32G473QETx -DSTM32G4 -c -I../Inc -O0 -ffunction-sections -fdata-sections -Wall -fstack-usage -fcyclomatic-complexity -MMD -MP -MF"Src/i2c.d" -MT"Src/i2c.o" --specs=nano.specs -mfpu=fpv4-sp-d16 -mfloat-abi=soft -mthumb -o "Src/i2c.o"
arm-none-eabi-gcc "../Src/i2c_lcd.c" -mcpu=cortex-m4 -std=gnu11 -g3 -DDEBUG -DSTM32 -DB_G473E_ZEST1S -DSTM32G473QETx -DSTM32G4 -c -I../Inc -O0 -ffunction-sections -fdata-sections -Wall -fstack-usage -fcyclomatic-complexity -MMD -MP -MF"Src/i2c_lcd.d" -MT"Src/i2c_lcd.o" --specs=nano.specs -mfpu=fpv4-sp-d16 -mfloat-abi=soft -mthumb -o "Src/i2c_lcd.o"
arm-none-eabi-gcc "../Src/itm.c" -mcpu=cortex-m4 -std=gnu11 -g3 -DDEBUG -DSTM32 -DB_G473E_ZEST1S -DSTM32G473QETx -DSTM32G4 -c -I../Inc -O0 -ffunction-sections -fdata-sections -Wall -fstack-usage -fcyclomatic-complexity -MMD -MP -MF"Src/itm.d" -MT"Src/itm.o" --specs=nano.specs -mfpu=fpv4-sp-d16 -mfloat-abi=soft -mthumb -o "Src/itm.o"
arm-none-eabi-gcc "../Src/main.c" -mcpu=cortex-m4 -std=gnu11 -g3 -DDEBUG -DSTM32 -DB_G473E_ZEST1S -DSTM32G473QETx -DSTM32G4 -c -I../Inc -O0 -ffunction-sections -fdata-sections -Wall -fstack-usage -fcyclomatic-complexity -MMD -MP -MF"Src/main.d" -MT"Src/main.o" --specs=nano.specs -mfpu=fpv4-sp-d16 -mfloat-abi=soft -mthumb -o "Src/main.o"
arm-none-eabi-gcc "../Src/spi.c" -mcpu=cortex-m4 -std=gnu11 -g3 -DDEBUG -DSTM32 -DB_G473E_ZEST1S -DSTM32G473QETx -DSTM32G4 -c -I../Inc -O0 -ffunction-sections -fdata-sections -Wall -fstack-usage -fcyclomatic-complexity -MMD -MP -MF"Src/spi.d" -MT"Src/spi.o" --specs=nano.specs -mfpu=fpv4-sp-d16 -mfloat-abi=soft -mthumb -o "Src/spi.o"
arm-none-eabi-gcc "../Src/syscalls.c" -mcpu=cortex-m4 -std=gnu11 -g3 -DDEBUG -DSTM32 -DB_G473E_ZEST1S -DSTM32G473QETx -DSTM32G4 -c -I../Inc -O0 -ffunction-sections -fdata-sections -Wall -fstack-usage -fcyclomatic-complexity -MMD -MP -MF"Src/syscalls.d" -MT"Src/syscalls.o" --specs=nano.specs -mfpu=fpv4-sp-d16 -mfloat-abi=soft -mthumb -o "Src/syscalls.o"
arm-none-eabi-gcc "../Src/sysmem.c" -mcpu=cortex-m4 -std=gnu11 -g3 -DDEBUG -DSTM32 -DB_G473E_ZEST1S -DSTM32G473QETx -DSTM32G4 -c -I../Inc -O0 -ffunction-sections -fdata-sections -Wall -fstack-usage -fcyclomatic-complexity -MMD -MP -MF"Src/sysmem.d" -MT"Src/sysmem.o" --specs=nano.specs -mfpu=fpv4-sp-d16 -mfloat-abi=soft -mthumb -o "Src/sysmem.o"
arm-none-eabi-gcc "../Src/system_stm32f4xx.c" -mcpu=cortex-m4 -std=gnu11 -g3 -DDEBUG -DSTM32 -DB_G473E_ZEST1S -DSTM32G473QETx -DSTM32G4 -c -I../Inc -O0 -ffunction-sections -fdata-sections -Wall -fstack-usage -fcyclomatic-complexity -MMD -MP -MF"Src/system_stm32f4xx.d" -MT"Src/system_stm32f4xx.o" --specs=nano.specs -mfpu=fpv4-sp-d16 -mfloat-abi=soft -mthumb -o "Src/system_stm32f4xx.o"
../Src/main.c: In function 'main':
../Src/main.c:35:9: warning: implicit declaration of function 'Lcd_Puts' [-Wimplicit-function-declaration]
   35 |         Lcd_Puts("LIS3DSH Accel Demo!\r\n");
      |         ^~~~~~~~
../Src/accel.c: In function 'SPI_WriteIO':
../Src/accel.c:13:9: warning: implicit declaration of function 'SPI_CS_Enable' [-Wimplicit-function-declaration]
   13 |         SPI_CS_Enable();
      |         ^~~~~~~~~~~~~
../Src/accel.c:15:9: warning: implicit declaration of function 'SPI_Transmit' [-Wimplicit-function-declaration]
   15 |         SPI_Transmit(regr);
      |         ^~~~~~~~~~~~
../Src/accel.c:18:5: warning: implicit declaration of function 'SPI_CS_Disable' [-Wimplicit-function-declaration]
   18 |     SPI_CS_Disable();
      |     ^~~~~~~~~~~~~~
../Src/accel.c: In function 'SPI_ReadIO':
../Src/accel.c:27:11: warning: implicit declaration of function 'SPI_Receive' [-Wimplicit-function-declaration]
   27 |   data[i]=SPI_Receive();
      |           ^~~~~~~~~~~
../Src/accel.c: In function 'LIS_Init':
../Src/accel.c:33:3: warning: implicit declaration of function 'SPI_Init' [-Wimplicit-function-declaration]
   33 |   SPI_Init();
      |   ^~~~~~~~
arm-none-eabi-gcc -o "assignment_day9_accel.elf" @"objects.list"   -mcpu=cortex-m4 -T"/home/gauri/DESD/MCPI/MCPI_all_Assignments/MCPI_all_Assignments/assignment_day9_accel/STM32G473QETX_FLASH.ld" --specs=nosys.specs -Wl,-Map="assignment_day9_accel.map" -Wl,--gc-sections -static --specs=nano.specs -mfpu=fpv4-sp-d16 -mfloat-abi=soft -mthumb -Wl,--start-group -lc -lm -Wl,--end-group
Finished building target: assignment_day9_accel.elf
 
arm-none-eabi-size  assignment_day9_accel.elf 
arm-none-eabi-objdump -h -S assignment_day9_accel.elf  > "assignment_day9_accel.list"
   text	   data	    bss	    dec	    hex	filename
   5008	     84	   1900	   6992	   1b50	assignment_day9_accel.elf
Finished building: default.size.stdout
 
Finished building: assignment_day9_accel.list
 
16:16:43 **** Incremental Build of configuration Debug for project assignment_day9_accel ****
make -j8 all 
arm-none-eabi-gcc "../Src/accel.c" -mcpu=cortex-m4 -std=gnu11 -g3 -DDEBUG -DSTM32 -DB_G473E_ZEST1S -DSTM32G473QETx -DSTM32G4 -c -I../Inc -O0 -ffunction-sections -fdata-sections -Wall -fstack-usage -fcyclomatic-complexity -MMD -MP -MF"Src/accel.d" -MT"Src/accel.o" --specs=nano.specs -mfpu=fpv4-sp-d16 -mfloat-abi=soft -mthumb -o "Src/accel.o"
arm-none-eabi-gcc "../Src/main.c" -mcpu=cortex-m4 -std=gnu11 -g3 -DDEBUG -DSTM32 -DB_G473E_ZEST1S -DSTM32G473QETx -DSTM32G4 -c -I../Inc -O0 -ffunction-sections -fdata-sections -Wall -fstack-usage -fcyclomatic-complexity -MMD -MP -MF"Src/main.d" -MT"Src/main.o" --specs=nano.specs -mfpu=fpv4-sp-d16 -mfloat-abi=soft -mthumb -o "Src/main.o"
../Src/main.c: In function 'main':
../Src/main.c:36:9: warning: implicit declaration of function 'Lcd_Puts' [-Wimplicit-function-declaration]
   36 |         Lcd_Puts("LIS3DSH Accel Demo!\r\n");
      |         ^~~~~~~~
arm-none-eabi-gcc -o "assignment_day9_accel.elf" @"objects.list"   -mcpu=cortex-m4 -T"/home/gauri/DESD/MCPI/MCPI_all_Assignments/MCPI_all_Assignments/assignment_day9_accel/STM32G473QETX_FLASH.ld" --specs=nosys.specs -Wl,-Map="assignment_day9_accel.map" -Wl,--gc-sections -static --specs=nano.specs -mfpu=fpv4-sp-d16 -mfloat-abi=soft -mthumb -Wl,--start-group -lc -lm -Wl,--end-group
Finished building target: assignment_day9_accel.elf
 
arm-none-eabi-size  assignment_day9_accel.elf 
arm-none-eabi-objdump -h -S assignment_day9_accel.elf  > "assignment_day9_accel.list"
   text	   data	    bss	    dec	    hex	filename
   5012	     84	   1900	   6996	   1b54	assignment_day9_accel.elf
Finished building: default.size.stdout
 
Finished building: assignment_day9_accel.list
 
16:18:26 **** Incremental Build of configuration Debug for project assignment_day9_accel ****
make -j8 all 
arm-none-eabi-gcc "../Src/main.c" -mcpu=cortex-m4 -std=gnu11 -g3 -DDEBUG -DSTM32 -DB_G473E_ZEST1S -DSTM32G473QETx -DSTM32G4 -c -I../Inc -O0 -ffunction-sections -fdata-sections -Wall -fstack-usage -fcyclomatic-complexity -MMD -MP -MF"Src/main.d" -MT"Src/main.o" --specs=nano.specs -mfpu=fpv4-sp-d16 -mfloat-abi=soft -mthumb -o "Src/main.o"
../Src/main.c: In function 'main':
../Src/main.c:36:9: warning: implicit declaration of function 'Lcd_Puts' [-Wimplicit-function-declaration]
   36 |         Lcd_Puts(LCD_LINE1"LIS3DSH Demo!\r\n");
      |         ^~~~~~~~
../Src/main.c:36:18: error: 'LCD_LINE1' undeclared (first use in this function)
   36 |         Lcd_Puts(LCD_LINE1"LIS3DSH Demo!\r\n");
      |                  ^~~~~~~~~
../Src/main.c:36:18: note: each undeclared identifier is reported only once for each function it appears in
../Src/main.c:36:27: error: expected ')' before string constant
   36 |         Lcd_Puts(LCD_LINE1"LIS3DSH Demo!\r\n");
      |                 ~         ^~~~~~~~~~~~~~~~~~~
      |                           )
make: *** [Src/subdir.mk:43: Src/main.o] Error 1
"make -j8 all" terminated with exit code 2. Build might be incomplete.
16:18:39 **** Incremental Build of configuration Debug for project assignment_day9_accel ****
make -j8 all 
arm-none-eabi-gcc "../Src/main.c" -mcpu=cortex-m4 -std=gnu11 -g3 -DDEBUG -DSTM32 -DB_G473E_ZEST1S -DSTM32G473QETx -DSTM32G4 -c -I../Inc -O0 -ffunction-sections -fdata-sections -Wall -fstack-usage -fcyclomatic-complexity -MMD -MP -MF"Src/main.d" -MT"Src/main.o" --specs=nano.specs -mfpu=fpv4-sp-d16 -mfloat-abi=soft -mthumb -o "Src/main.o"
../Src/main.c: In function 'main':
../Src/main.c:36:9: warning: implicit declaration of function 'Lcd_Puts' [-Wimplicit-function-declaration]
   36 |         Lcd_Puts(LCD_LINE1,"LIS3DSH Demo!\r\n");
      |         ^~~~~~~~
../Src/main.c:36:18: error: 'LCD_LINE1' undeclared (first use in this function)
   36 |         Lcd_Puts(LCD_LINE1,"LIS3DSH Demo!\r\n");
      |                  ^~~~~~~~~
../Src/main.c:36:18: note: each undeclared identifier is reported only once for each function it appears in
make: *** [Src/subdir.mk:43: Src/main.o] Error 1
"make -j8 all" terminated with exit code 2. Build might be incomplete.
16:19:24 **** Incremental Build of configuration Debug for project assignment_day9_accel ****
make -j8 all 
arm-none-eabi-gcc "../Src/main.c" -mcpu=cortex-m4 -std=gnu11 -g3 -DDEBUG -DSTM32 -DB_G473E_ZEST1S -DSTM32G473QETx -DSTM32G4 -c -I../Inc -O0 -ffunction-sections -fdata-sections -Wall -fstack-usage -fcyclomatic-complexity -MMD -MP -MF"Src/main.d" -MT"Src/main.o" --specs=nano.specs -mfpu=fpv4-sp-d16 -mfloat-abi=soft -mthumb -o "Src/main.o"
../Src/main.c:25:20: warning: extra tokens at end of #include directive
   25 | #include"i2c_lcd.h";
      |                    ^
../Src/main.c: In function 'main':
../Src/main.c:45:34: warning: passing argument 1 of 'Lcd_Puts' makes integer from pointer without a cast [-Wint-conversion]
   45 |                         Lcd_Puts(str);
      |                                  ^~~
      |                                  |
      |                                  char *
In file included from ../Src/main.c:25:
../Inc/i2c_lcd.h:40:23: note: expected 'uint8_t' {aka 'unsigned char'} but argument is of type 'char *'
   40 | void Lcd_Puts(uint8_t line, char str[]);
      |               ~~~~~~~~^~~~
../Src/main.c:45:25: error: too few arguments to function 'Lcd_Puts'
   45 |                         Lcd_Puts(str);
      |                         ^~~~~~~~
../Inc/i2c_lcd.h:40:6: note: declared here
   40 | void Lcd_Puts(uint8_t line, char str[]);
      |      ^~~~~~~~
make: *** [Src/subdir.mk:43: Src/main.o] Error 1
"make -j8 all" terminated with exit code 2. Build might be incomplete.
16:19:29 **** Incremental Build of configuration Debug for project assignment_day9_accel ****
make -j8 all 
arm-none-eabi-gcc "../Src/main.c" -mcpu=cortex-m4 -std=gnu11 -g3 -DDEBUG -DSTM32 -DB_G473E_ZEST1S -DSTM32G473QETx -DSTM32G4 -c -I../Inc -O0 -ffunction-sections -fdata-sections -Wall -fstack-usage -fcyclomatic-complexity -MMD -MP -MF"Src/main.d" -MT"Src/main.o" --specs=nano.specs -mfpu=fpv4-sp-d16 -mfloat-abi=soft -mthumb -o "Src/main.o"
../Src/main.c: In function 'main':
../Src/main.c:45:34: warning: passing argument 1 of 'Lcd_Puts' makes integer from pointer without a cast [-Wint-conversion]
   45 |                         Lcd_Puts(str);
      |                                  ^~~
      |                                  |
      |                                  char *
In file included from ../Src/main.c:25:
../Inc/i2c_lcd.h:40:23: note: expected 'uint8_t' {aka 'unsigned char'} but argument is of type 'char *'
   40 | void Lcd_Puts(uint8_t line, char str[]);
      |               ~~~~~~~~^~~~
../Src/main.c:45:25: error: too few arguments to function 'Lcd_Puts'
   45 |                         Lcd_Puts(str);
      |                         ^~~~~~~~
../Inc/i2c_lcd.h:40:6: note: declared here
   40 | void Lcd_Puts(uint8_t line, char str[]);
      |      ^~~~~~~~
make: *** [Src/subdir.mk:43: Src/main.o] Error 1
"make -j8 all" terminated with exit code 2. Build might be incomplete.
16:20:12 **** Incremental Build of configuration Debug for project assignment_day9_accel ****
make -j8 all 
arm-none-eabi-gcc "../Src/main.c" -mcpu=cortex-m4 -std=gnu11 -g3 -DDEBUG -DSTM32 -DB_G473E_ZEST1S -DSTM32G473QETx -DSTM32G4 -c -I../Inc -O0 -ffunction-sections -fdata-sections -Wall -fstack-usage -fcyclomatic-complexity -MMD -MP -MF"Src/main.d" -MT"Src/main.o" --specs=nano.specs -mfpu=fpv4-sp-d16 -mfloat-abi=soft -mthumb -o "Src/main.o"
arm-none-eabi-gcc -o "assignment_day9_accel.elf" @"objects.list"   -mcpu=cortex-m4 -T"/home/gauri/DESD/MCPI/MCPI_all_Assignments/MCPI_all_Assignments/assignment_day9_accel/STM32G473QETX_FLASH.ld" --specs=nosys.specs -Wl,-Map="assignment_day9_accel.map" -Wl,--gc-sections -static --specs=nano.specs -mfpu=fpv4-sp-d16 -mfloat-abi=soft -mthumb -Wl,--start-group -lc -lm -Wl,--end-group
Finished building target: assignment_day9_accel.elf
 
arm-none-eabi-size  assignment_day9_accel.elf 
arm-none-eabi-objdump -h -S assignment_day9_accel.elf  > "assignment_day9_accel.list"
   text	   data	    bss	    dec	    hex	filename
   5008	     84	   1900	   6992	   1b50	assignment_day9_accel.elf
Finished building: default.size.stdout
 
Finished building: assignment_day9_accel.list
 
16:21:03 **** Incremental Build of configuration Debug for project assignment_day9_accel ****
make -j8 all 
arm-none-eabi-size  assignment_day9_accel.elf 
   text	   data	    bss	    dec	    hex	filename
   5008	     84	   1900	   6992	   1b50	assignment_day9_accel.elf
Finished building: default.size.stdout
 
16:21:29 **** Incremental Build of configuration Debug for project assignment_day9_accel ****
make -j8 all 
arm-none-eabi-size  assignment_day9_accel.elf 
   text	   data	    bss	    dec	    hex	filename
   5008	     84	   1900	   6992	   1b50	assignment_day9_accel.elf
Finished building: default.size.stdout
 
16:21:32 **** Incremental Build of configuration Debug for project assignment_day9_accel ****
make -j8 all 
arm-none-eabi-size  assignment_day9_accel.elf 
   text	   data	    bss	    dec	    hex	filename
   5008	     84	   1900	   6992	   1b50	assignment_day9_accel.elf
Finished building: default.size.stdout
 
16:22:05 **** Incremental Build of configuration Debug for project assignment_day9_accel ****
make -j8 all 
arm-none-eabi-size  assignment_day9_accel.elf 
   text	   data	    bss	    dec	    hex	filename
   5008	     84	   1900	   6992	   1b50	assignment_day9_accel.elf
Finished building: default.size.stdout
 
16:23:13 **** Incremental Build of configuration Debug for project assignment_day9_accel ****
make -j8 all 
arm-none-eabi-size  assignment_day9_accel.elf 
   text	   data	    bss	    dec	    hex	filename
   5008	     84	   1900	   6992	   1b50	assignment_day9_accel.elf
Finished building: default.size.stdout
 
16:23:18 **** Incremental Build of configuration Debug for project assignment_day9_accel ****
make -j8 all 
arm-none-eabi-size  assignment_day9_accel.elf 
   text	   data	    bss	    dec	    hex	filename
   5008	     84	   1900	   6992	   1b50	assignment_day9_accel.elf
Finished building: default.size.stdout
 
16:24:11 **** Incremental Build of configuration Debug for project assignment_day9_accel ****
make -j8 all 
arm-none-eabi-gcc "../Src/main.c" -mcpu=cortex-m4 -std=gnu11 -g3 -DDEBUG -DSTM32 -DB_G473E_ZEST1S -DSTM32G473QETx -DSTM32G4 -c -I../Inc -O0 -ffunction-sections -fdata-sections -Wall -fstack-usage -fcyclomatic-complexity -MMD -MP -MF"Src/main.d" -MT"Src/main.o" --specs=nano.specs -mfpu=fpv4-sp-d16 -mfloat-abi=soft -mthumb -o "Src/main.o"
../Src/main.c: In function 'main':
../Src/main.c:36:9: error: unknown type name 'LcdInit'
   36 |         LcdInit
      |         ^~~~~~~
In file included from ../Src/main.c:25:
../Inc/i2c_lcd.h:25:33: error: expected declaration specifiers or '...' before numeric constant
   25 | #define LCD_LINE1               0x80
      |                                 ^~~~
../Src/main.c:38:18: note: in expansion of macro 'LCD_LINE1'
   38 |         Lcd_Puts(LCD_LINE1,"LIS3DSH Demo!\r\n");
      |                  ^~~~~~~~~
../Src/main.c:38:28: error: expected declaration specifiers or '...' before string constant
   38 |         Lcd_Puts(LCD_LINE1,"LIS3DSH Demo!\r\n");
      |                            ^~~~~~~~~~~~~~~~~~~
make: *** [Src/subdir.mk:43: Src/main.o] Error 1
"make -j8 all" terminated with exit code 2. Build might be incomplete.
16:24:26 **** Incremental Build of configuration Debug for project assignment_day9_accel ****
make -j8 all 
arm-none-eabi-gcc "../Src/main.c" -mcpu=cortex-m4 -std=gnu11 -g3 -DDEBUG -DSTM32 -DB_G473E_ZEST1S -DSTM32G473QETx -DSTM32G4 -c -I../Inc -O0 -ffunction-sections -fdata-sections -Wall -fstack-usage -fcyclomatic-complexity -MMD -MP -MF"Src/main.d" -MT"Src/main.o" --specs=nano.specs -mfpu=fpv4-sp-d16 -mfloat-abi=soft -mthumb -o "Src/main.o"
../Src/main.c: In function 'main':
../Src/main.c:36:9: error: unknown type name 'LCDInit'
   36 |         LCDInit
      |         ^~~~~~~
In file included from ../Src/main.c:25:
../Inc/i2c_lcd.h:25:33: error: expected declaration specifiers or '...' before numeric constant
   25 | #define LCD_LINE1               0x80
      |                                 ^~~~
../Src/main.c:38:18: note: in expansion of macro 'LCD_LINE1'
   38 |         Lcd_Puts(LCD_LINE1,"LIS3DSH Demo!\r\n");
      |                  ^~~~~~~~~
../Src/main.c:38:28: error: expected declaration specifiers or '...' before string constant
   38 |         Lcd_Puts(LCD_LINE1,"LIS3DSH Demo!\r\n");
      |                            ^~~~~~~~~~~~~~~~~~~
make: *** [Src/subdir.mk:43: Src/main.o] Error 1
"make -j8 all" terminated with exit code 2. Build might be incomplete.
16:24:42 **** Incremental Build of configuration Debug for project assignment_day9_accel ****
make -j8 all 
arm-none-eabi-gcc "../Src/main.c" -mcpu=cortex-m4 -std=gnu11 -g3 -DDEBUG -DSTM32 -DB_G473E_ZEST1S -DSTM32G473QETx -DSTM32G4 -c -I../Inc -O0 -ffunction-sections -fdata-sections -Wall -fstack-usage -fcyclomatic-complexity -MMD -MP -MF"Src/main.d" -MT"Src/main.o" --specs=nano.specs -mfpu=fpv4-sp-d16 -mfloat-abi=soft -mthumb -o "Src/main.o"
../Src/main.c: In function 'main':
../Src/main.c:36:9: warning: implicit declaration of function 'LCDInit'; did you mean 'Lcd_Init'? [-Wimplicit-function-declaration]
   36 |         LCDInit();       // initialize uart
      |         ^~~~~~~
      |         Lcd_Init
arm-none-eabi-gcc -o "assignment_day9_accel.elf" @"objects.list"   -mcpu=cortex-m4 -T"/home/gauri/DESD/MCPI/MCPI_all_Assignments/MCPI_all_Assignments/assignment_day9_accel/STM32G473QETX_FLASH.ld" --specs=nosys.specs -Wl,-Map="assignment_day9_accel.map" -Wl,--gc-sections -static --specs=nano.specs -mfpu=fpv4-sp-d16 -mfloat-abi=soft -mthumb -Wl,--start-group -lc -lm -Wl,--end-group
/opt/st/stm32cubeide_1.16.0/plugins/com.st.stm32cube.ide.mcu.externaltools.gnu-tools-for-stm32.12.3.rel1.linux64_1.0.200.202406132123/tools/bin/../lib/gcc/arm-none-eabi/12.3.1/../../../../arm-none-eabi/bin/ld: ./Src/main.o: in function `main':
/home/gauri/DESD/MCPI/MCPI_all_Assignments/MCPI_all_Assignments/assignment_day9_accel/Debug/../Src/main.c:36: undefined reference to `LCDInit'
collect2: error: ld returned 1 exit status
make: *** [makefile:63: assignment_day9_accel.elf] Error 1
"make -j8 all" terminated with exit code 2. Build might be incomplete.
16:24:56 **** Incremental Build of configuration Debug for project assignment_day9_accel ****
make -j8 all 
arm-none-eabi-gcc "../Src/main.c" -mcpu=cortex-m4 -std=gnu11 -g3 -DDEBUG -DSTM32 -DB_G473E_ZEST1S -DSTM32G473QETx -DSTM32G4 -c -I../Inc -O0 -ffunction-sections -fdata-sections -Wall -fstack-usage -fcyclomatic-complexity -MMD -MP -MF"Src/main.d" -MT"Src/main.o" --specs=nano.specs -mfpu=fpv4-sp-d16 -mfloat-abi=soft -mthumb -o "Src/main.o"
../Src/main.c: In function 'main':
../Src/main.c:36:9: warning: implicit declaration of function 'LcdInit'; did you mean 'Lcd_Init'? [-Wimplicit-function-declaration]
   36 |         LcdInit();       // initialize uart
      |         ^~~~~~~
      |         Lcd_Init
arm-none-eabi-gcc -o "assignment_day9_accel.elf" @"objects.list"   -mcpu=cortex-m4 -T"/home/gauri/DESD/MCPI/MCPI_all_Assignments/MCPI_all_Assignments/assignment_day9_accel/STM32G473QETX_FLASH.ld" --specs=nosys.specs -Wl,-Map="assignment_day9_accel.map" -Wl,--gc-sections -static --specs=nano.specs -mfpu=fpv4-sp-d16 -mfloat-abi=soft -mthumb -Wl,--start-group -lc -lm -Wl,--end-group
/opt/st/stm32cubeide_1.16.0/plugins/com.st.stm32cube.ide.mcu.externaltools.gnu-tools-for-stm32.12.3.rel1.linux64_1.0.200.202406132123/tools/bin/../lib/gcc/arm-none-eabi/12.3.1/../../../../arm-none-eabi/bin/ld: ./Src/main.o: in function `main':
/home/gauri/DESD/MCPI/MCPI_all_Assignments/MCPI_all_Assignments/assignment_day9_accel/Debug/../Src/main.c:36: undefined reference to `LcdInit'
collect2: error: ld returned 1 exit status
make: *** [makefile:63: assignment_day9_accel.elf] Error 1
"make -j8 all" terminated with exit code 2. Build might be incomplete.
16:25:50 **** Incremental Build of configuration Debug for project assignment_day9_accel ****
make -j8 all 
arm-none-eabi-gcc "../Src/main.c" -mcpu=cortex-m4 -std=gnu11 -g3 -DDEBUG -DSTM32 -DB_G473E_ZEST1S -DSTM32G473QETx -DSTM32G4 -c -I../Inc -O0 -ffunction-sections -fdata-sections -Wall -fstack-usage -fcyclomatic-complexity -MMD -MP -MF"Src/main.d" -MT"Src/main.o" --specs=nano.specs -mfpu=fpv4-sp-d16 -mfloat-abi=soft -mthumb -o "Src/main.o"
arm-none-eabi-gcc -o "assignment_day9_accel.elf" @"objects.list"   -mcpu=cortex-m4 -T"/home/gauri/DESD/MCPI/MCPI_all_Assignments/MCPI_all_Assignments/assignment_day9_accel/STM32G473QETX_FLASH.ld" --specs=nosys.specs -Wl,-Map="assignment_day9_accel.map" -Wl,--gc-sections -static --specs=nano.specs -mfpu=fpv4-sp-d16 -mfloat-abi=soft -mthumb -Wl,--start-group -lc -lm -Wl,--end-group
Finished building target: assignment_day9_accel.elf
 
arm-none-eabi-size  assignment_day9_accel.elf 
arm-none-eabi-objdump -h -S assignment_day9_accel.elf  > "assignment_day9_accel.list"
   text	   data	    bss	    dec	    hex	filename
   5464	     84	   1900	   7448	   1d18	assignment_day9_accel.elf
Finished building: default.size.stdout
 
Finished building: assignment_day9_accel.list
 
16:26:00 **** Incremental Build of configuration Debug for project assignment_day9_accel ****
make -j8 all 
arm-none-eabi-size  assignment_day9_accel.elf 
   text	   data	    bss	    dec	    hex	filename
   5464	     84	   1900	   7448	   1d18	assignment_day9_accel.elf
Finished building: default.size.stdout
 
16:27:56 **** Incremental Build of configuration Debug for project assignment_day9_accel ****
make -j8 all 
arm-none-eabi-gcc "../Src/main.c" -mcpu=cortex-m4 -std=gnu11 -g3 -DDEBUG -DSTM32 -DB_G473E_ZEST1S -DSTM32G473QETx -DSTM32G4 -c -I../Inc -O0 -ffunction-sections -fdata-sections -Wall -fstack-usage -fcyclomatic-complexity -MMD -MP -MF"Src/main.d" -MT"Src/main.o" --specs=nano.specs -mfpu=fpv4-sp-d16 -mfloat-abi=soft -mthumb -o "Src/main.o"
arm-none-eabi-gcc -o "assignment_day9_accel.elf" @"objects.list"   -mcpu=cortex-m4 -T"/home/gauri/DESD/MCPI/MCPI_all_Assignments/MCPI_all_Assignments/assignment_day9_accel/STM32G473QETX_FLASH.ld" --specs=nosys.specs -Wl,-Map="assignment_day9_accel.map" -Wl,--gc-sections -static --specs=nano.specs -mfpu=fpv4-sp-d16 -mfloat-abi=soft -mthumb -Wl,--start-group -lc -lm -Wl,--end-group
Finished building target: assignment_day9_accel.elf
 
arm-none-eabi-size  assignment_day9_accel.elf 
arm-none-eabi-objdump -h -S assignment_day9_accel.elf  > "assignment_day9_accel.list"
   text	   data	    bss	    dec	    hex	filename
   5464	     84	   1900	   7448	   1d18	assignment_day9_accel.elf
Finished building: default.size.stdout
 
Finished building: assignment_day9_accel.list
 
16:27:59 **** Incremental Build of configuration Debug for project assignment_day9_accel ****
make -j8 all 
arm-none-eabi-size  assignment_day9_accel.elf 
   text	   data	    bss	    dec	    hex	filename
   5464	     84	   1900	   7448	   1d18	assignment_day9_accel.elf
Finished building: default.size.stdout
 
16:28:44 **** Incremental Build of configuration Debug for project assignment_day9_accel ****
make -j8 all 
arm-none-eabi-gcc "../Src/main.c" -mcpu=cortex-m4 -std=gnu11 -g3 -DDEBUG -DSTM32 -DB_G473E_ZEST1S -DSTM32G473QETx -DSTM32G4 -c -I../Inc -O0 -ffunction-sections -fdata-sections -Wall -fstack-usage -fcyclomatic-complexity -MMD -MP -MF"Src/main.d" -MT"Src/main.o" --specs=nano.specs -mfpu=fpv4-sp-d16 -mfloat-abi=soft -mthumb -o "Src/main.o"
arm-none-eabi-gcc -o "assignment_day9_accel.elf" @"objects.list"   -mcpu=cortex-m4 -T"/home/gauri/DESD/MCPI/MCPI_all_Assignments/MCPI_all_Assignments/assignment_day9_accel/STM32G473QETX_FLASH.ld" --specs=nosys.specs -Wl,-Map="assignment_day9_accel.map" -Wl,--gc-sections -static --specs=nano.specs -mfpu=fpv4-sp-d16 -mfloat-abi=soft -mthumb -Wl,--start-group -lc -lm -Wl,--end-group
Finished building target: assignment_day9_accel.elf
 
arm-none-eabi-size  assignment_day9_accel.elf 
arm-none-eabi-objdump -h -S assignment_day9_accel.elf  > "assignment_day9_accel.list"
   text	   data	    bss	    dec	    hex	filename
   5464	     84	   1900	   7448	   1d18	assignment_day9_accel.elf
Finished building: default.size.stdout
 
Finished building: assignment_day9_accel.list
 
16:31:37 **** Incremental Build of configuration Debug for project assignment_day9_accel ****
make -j8 all 
arm-none-eabi-gcc "../Src/main.c" -mcpu=cortex-m4 -std=gnu11 -g3 -DDEBUG -DSTM32 -DB_G473E_ZEST1S -DSTM32G473QETx -DSTM32G4 -c -I../Inc -O0 -ffunction-sections -fdata-sections -Wall -fstack-usage -fcyclomatic-complexity -MMD -MP -MF"Src/main.d" -MT"Src/main.o" --specs=nano.specs -mfpu=fpv4-sp-d16 -mfloat-abi=soft -mthumb -o "Src/main.o"
arm-none-eabi-gcc -o "assignment_day9_accel.elf" @"objects.list"   -mcpu=cortex-m4 -T"/home/gauri/DESD/MCPI/MCPI_all_Assignments/MCPI_all_Assignments/assignment_day9_accel/STM32G473QETX_FLASH.ld" --specs=nosys.specs -Wl,-Map="assignment_day9_accel.map" -Wl,--gc-sections -static --specs=nano.specs -mfpu=fpv4-sp-d16 -mfloat-abi=soft -mthumb -Wl,--start-group -lc -lm -Wl,--end-group
Finished building target: assignment_day9_accel.elf
 
arm-none-eabi-size  assignment_day9_accel.elf 
arm-none-eabi-objdump -h -S assignment_day9_accel.elf  > "assignment_day9_accel.list"
   text	   data	    bss	    dec	    hex	filename
   5464	     84	   1900	   7448	   1d18	assignment_day9_accel.elf
Finished building: default.size.stdout
 
Finished building: assignment_day9_accel.list
 
16:31:39 **** Incremental Build of configuration Debug for project assignment_day9_accel ****
make -j8 all 
arm-none-eabi-size  assignment_day9_accel.elf 
   text	   data	    bss	    dec	    hex	filename
   5464	     84	   1900	   7448	   1d18	assignment_day9_accel.elf
Finished building: default.size.stdout
 
